FAIL hidden top-level creation
ok hidden style clear
ok show returns previous hidden
FAIL shown top-level
FAIL duplicate show returns previous visible
ok duplicate show does not notify
FAIL hide returns previous visible
ok hide releases capture
FAIL hide preserves HWND and clears visible style
ok duplicate hide returns hidden
FAIL show again reuses HWND
FAIL SDL hidden flag
FAIL SDL show
FAIL SDL hide retains surface
ok hidden activation refused
ok invalid show refused
LIFECYCLE-DONE failures=9

node:internal/assert/utils:77
    throw err;
    ^

AssertionError [ERR_ASSERTION]: compiled lifecycle probe must complete all assertions
    at Object.<anonymous> (/Users/jku/git/c-compiler-ui-lifecycle/tests/kernel/test_ui_lifecycle_e2e.js:11:1)
    at Module._compile (node:internal/modules/cjs/loader:1829:14)
    at Object..js (node:internal/modules/cjs/loader:1969:10)
    at Module.load (node:internal/modules/cjs/loader:1552:32)
    at Module._load (node:internal/modules/cjs/loader:1354:12)
    at wrapModuleLoad (node:internal/modules/cjs/loader:255:19)
    at Module.executeUserEntryPoint [as runMain] (node:internal/modules/run_main:154:5)
    at node:internal/main/run_main_module:33:47 {
  generatedMessage: false,
  code: 'ERR_ASSERTION',
  actual: false,
  expected: true,
  operator: '==',
  diff: 'simple'
}

Node.js v25.8.2
